Prefix(:=<http://example.org/family#>)
Prefix(owl:=<http://www.w3.org/2002/07/owl#>)
Prefix(rdf:=<http://www.w3.org/1999/02/22-rdf-syntax-ns#>)
Prefix(rdfs:=<http://www.w3.org/2000/01/rdf-schema#>)
Prefix(xsd:=<http://www.w3.org/2001/XMLSchema#>)

Ontology(<http://example.org/family>
    Declaration(Class(:Person))
    Declaration(ObjectProperty(:hasParent))
    Declaration(ObjectProperty(:hasBrother))
    Declaration(ObjectProperty(:hasUncle))
    Declaration(ObjectProperty(:hasAncestor))
    Declaration(ObjectProperty(:hasDescendant))
    Declaration(NamedIndividual(:alice))
    Declaration(NamedIndividual(:bob))
    SubObjectPropertyOf(ObjectPropertyChain(:hasParent :hasBrother) :hasUncle)
    SubObjectPropertyOf(:hasParent :hasAncestor)
    TransitiveObjectProperty(:hasAncestor)
    InverseObjectProperties(:hasAncestor :hasDescendant)
    IrreflexiveObjectProperty(:hasParent)
    AsymmetricObjectProperty(:hasParent)
    ObjectPropertyDomain(:hasParent :Person)
    ObjectPropertyRange(:hasParent :Person)
    SubClassOf(Annotation(rdfs:comment "everyone has two parents"^^xsd:string) :Person ObjectExactCardinality(2 :hasParent :Person))
    ClassAssertion(:Person :alice)
    ClassAssertion(:Person :bob)
    ObjectPropertyAssertion(:hasParent :alice :bob)
    NegativeObjectPropertyAssertion(:hasParent :bob :alice)
    DifferentIndividuals(:alice :bob)
)
